// Jest Snapshot v1, https://goo.gl/fbAQLP

exports[`SafeArea matches snapshot 1`] = `
<View
  onLayout={[Function]}
  pointerEvents="box-none"
  style={
    Object {
      "backgroundColor": undefined,
      "flex": 1,
      "paddingBottom": 0,
      "paddingLeft": 0,
      "paddingRight": 0,
      "paddingTop": 20,
    }
  }
>
  Hello
</View>
`;
